// Jest Snapshot v1, https://goo.gl/fbAQLP

exports[`<Login/> should render correctly when loaded 1`] = `
<div
  className="container"
>
  <div
    className="content-block"
  >
    <div
      className="MuiPaper-root MuiPaper-outlined MuiPaper-rounded auth-page auth-page__login css-172kgz0-MuiPaper-root"
    >
      <div
        className="content-block"
      >
        <h4
          className="MuiTypography-root MuiTypography-h4 css-5lbw0b-MuiTypography-root"
        >
          Log In
        </h4>
        
      </div>
      <form
        onSubmit={[Function]}
      >
        <div
          className="MuiFormControl-root css-1nrlq1o-MuiFormControl-root"
        >
          <div
            className="MuiFormGroup-root content-block css-dmmspl-MuiFormGroup-root"
          >
            <div
              className="MuiFormControl-root MuiTextField-root css-1u3bzj6-MuiFormControl-root-MuiTextField-root"
            >
              <label
                className="MuiInputLabel-root MuiInputLabel-formControl MuiInputLabel-animated MuiInputLabel-standard MuiFormLabel-root MuiFormLabel-colorPrimary Mui-required css-aqpgxn-MuiFormLabel-root-MuiInputLabel-root"
                data-shrink={false}
              >
                Email
                <span
                  aria-hidden={true}
                  className="MuiInputLabel-asterisk MuiFormLabel-asterisk css-wgai2y-MuiFormLabel-asterisk"
                >
                   
                  *
                </span>
              </label>
              <div
                className="MuiInput-root MuiInput-underline MuiInputBase-root MuiInputBase-colorPrimary MuiInputBase-formControl css-1ptx2yq-MuiInputBase-root-MuiInput-root"
                onClick={[Function]}
              >
                <input
                  aria-invalid={false}
                  autoFocus={false}
                  className="MuiInput-input MuiInputBase-input css-1x51dt5-MuiInputBase-input-MuiInput-input"
                  disabled={false}
                  onAnimationStart={[Function]}
                  onBlur={[Function]}
                  onChange={[Function]}
                  onFocus={[Function]}
                  required={true}
                  type="email"
                  value=""
                />
              </div>
            </div>
            <div
              className="MuiFormControl-root MuiTextField-root css-1u3bzj6-MuiFormControl-root-MuiTextField-root"
            >
              <label
                className="MuiInputLabel-root MuiInputLabel-formControl MuiInputLabel-animated MuiInputLabel-standard MuiFormLabel-root MuiFormLabel-colorPrimary Mui-required css-aqpgxn-MuiFormLabel-root-MuiInputLabel-root"
                data-shrink={false}
              >
                Password
                <span
                  aria-hidden={true}
                  className="MuiInputLabel-asterisk MuiFormLabel-asterisk css-wgai2y-MuiFormLabel-asterisk"
                >
                   
                  *
                </span>
              </label>
              <div
                className="MuiInput-root MuiInput-underline MuiInputBase-root MuiInputBase-colorPrimary MuiInputBase-formControl css-1ptx2yq-MuiInputBase-root-MuiInput-root"
                onClick={[Function]}
              >
                <input
                  aria-invalid={false}
                  autoFocus={false}
                  className="MuiInput-input MuiInputBase-input css-1x51dt5-MuiInputBase-input-MuiInput-input"
                  disabled={false}
                  onAnimationStart={[Function]}
                  onBlur={[Function]}
                  onChange={[Function]}
                  onFocus={[Function]}
                  required={true}
                  type="password"
                  value=""
                />
              </div>
            </div>
          </div>
          <div
            className="MuiFormGroup-root content-block css-dmmspl-MuiFormGroup-root"
          >
            <div
              className="MuiBox-root css-1tfqlfq"
            >
              <button
                className="MuiButton-root MuiButton-contained MuiButton-containedPrimary MuiButton-sizeMedium MuiButton-containedSizeMedium MuiButtonBase-root  css-sghohy-MuiButtonBase-root-MuiButton-root"
                disabled={false}
                onBlur={[Function]}
                onContextMenu={[Function]}
                onDragLeave={[Function]}
                onFocus={[Function]}
                onKeyDown={[Function]}
                onKeyUp={[Function]}
                onMouseDown={[Function]}
                onMouseLeave={[Function]}
                onMouseUp={[Function]}
                onTouchEnd={[Function]}
                onTouchMove={[Function]}
                onTouchStart={[Function]}
                tabIndex={0}
                type="submit"
              >
                Login
              </button>
            </div>
          </div>
        </div>
      </form>
      <div
        className="content-block"
      >
        <h6
          className="MuiTypography-root MuiTypography-subtitle1 css-10wpov9-MuiTypography-root"
        >
          <a
            href="/forgot-password"
            onClick={[Function]}
          >
            Forgot Password?
          </a>
        </h6>
      </div>
    </div>
  </div>
  <div
    className="content-block"
  >
    <h6
      className="MuiTypography-root MuiTypography-subtitle1 css-10wpov9-MuiTypography-root"
    >
      Need an account? 
      <a
        href="/signup"
        onClick={[Function]}
      >
        Sign Up
      </a>
    </h6>
  </div>
</div>
`;
